  entry.cpp
  directx.cpp
  aim.cpp
  triggerbot.cpp
  aspect_ratio.cpp
  autostrafe.cpp
  bhop.cpp
  chams.cpp
  chams_material.cpp
  edge_jump.cpp
  fov_changer.cpp
  glove_changer.cpp
  glow.cpp
  jump_bug.cpp
  jump_stats.cpp
  mini_jump.cpp
  model_changer.cpp
  motion_blur.cpp
  removals.cpp
  econ_item_attribute_manager.cpp
  item_schema.cpp
  stb_image.cpp
  vtex_parser.cpp
  skin_changer.cpp
  hit_sound.cpp
  thirdperson.cpp
C:\Users\barte\Desktop\kolembahook\src\core\entry.cpp(221,1): warning C4715: "start_address”: niewszystkie ścieżki kodu zwracają wartość
  viewmodel_changer.cpp
  fog_handler.cpp
  teammate_esp.cpp
  visuals.cpp
  world.cpp
  world_effects.cpp
  hooks.cpp
  config_system.cpp
  diagnostics.cpp
  imgui.cpp
  imgui_draw.cpp
  imgui_impl_dx11.cpp
  imgui_impl_win32.cpp
  imgui_tables.cpp
  imgui_widgets.cpp
  interfaces.cpp
  i_localize.cpp
  mem_alloc.cpp
  modules.cpp
  schema.cpp
  signatures.cpp
  utils.cpp
  blur.cpp
  menu.cpp
  cs_usercmd.pb.cc
  netmessages.pb.cc
  network_connection.pb.cc
  networkbasetypes.pb.cc
  usercmd.pb.cc
  valveextensions.pb.cc
  usermessages.pb.cc
  buffer.c
  hook.c
  trampoline.c
  hde32.c
  hde64.c
  celerity.vcxproj -> C:\Users\barte\Desktop\kolembahook\x64\kolemba-debug.dll
